Checking for wasm32-unknown-unknown target...
Checking connection to Arbitrum Sepolia...
Connected to Arbitrum Sepolia!
Deployer address: 0x8863Fe924604177411CCA7123BF8bE91E3dbeC15
Deploying first ERC20 token contract (Token0) to Arbitrum Sepolia...
Token0 contract deployed at address: 0x85ca13e6a8a4f6cdd0c080fd0af9e16e8dae8bf0
Token0 transaction hash: 0x738ae93f5fb146540fea716772a7932e74e7500fdd92b624f7fbcda564f264b6
Deploying second ERC20 token contract (Token1) to Arbitrum Sepolia...
Token1 contract deployed at address: 0xa32b8672a49932d900fc76387167c7a66d46d184
Token1 transaction hash: 0x3d6f1bf83f87863397e4ac0670259e4099329d9e2f6e32fafc2d3d704b8a49a4
Minting tokens for testing...

blockHash            0x53dd4e095d5cd67daeb64e93ce552f3c92e21a0ef57ac5d6a099747d89e04548
blockNumber          183823929
contractAddress      
cumulativeGasUsed    377326
effectiveGasPrice    100000000
from                 0x8863Fe924604177411CCA7123BF8bE91E3dbeC15
gasUsed              72324
logs                 [{"address":"0x85ca13e6a8a4f6cdd0c080fd0af9e16e8dae8bf0","topics":["0xddf252ad1be2c89b69c2b068fc378daa952ba7f163c4a11628f55a4df523b3ef","0x0000000000000000000000000000000000000000000000000000000000000000","0x0000000000000000000000008863fe924604177411cca7123bf8be91e3dbec15"],"data":"0x00000000000000000000000000000000000000000000003635c9adc5dea00000","blockHash":"0x53dd4e095d5cd67daeb64e93ce552f3c92e21a0ef57ac5d6a099747d89e04548","blockNumber":"0xaf4ee39","transactionHash":"0xc4a43620f19982647dcb3f4912b7cb888ad2db3b870d6c1873315172d82c9caa","transactionIndex":"0x5","logIndex":"0x9","removed":false}]
logsBloom            0x000000000000000000000000000000000000000000000000000000000000000000000000000000000000000000000000000000000000000000000000000000000000000000000000000000080000000000000000000000000000000000000000000000000200000008000000000008000000000000000000000000100001000000000000010000000000000000000000000000000
blockHash            0x53dd4e095d5cd67daeb64e93ce552f3c92e21a0ef57ac5d6a099747d89e04548
blockNumber          183823929
contractAddress      
cumulativeGasUsed    377326
effectiveGasPrice    100000000
from                 0x8863Fe924604177411CCA7123BF8bE91E3dbeC15
gasUsed              72324
logs                 [{"address":"0x85ca13e6a8a4f6cdd0c080fd0af9e16e8dae8bf0","topics":["0xddf252ad1be2c89b69c2b068fc378daa952ba7f163c4a11628f55a4df523b3ef","0x0000000000000000000000000000000000000000000000000000000000000000","0x0000000000000000000000008863fe924604177411cca7123bf8be91e3dbec15"],"data"
blockHash            0xf95c94e64baf40ce593f0920eaccb28788a280d6a9b8e6d5adf8f750996cef84
blockNumber          183823958
contractAddress      
cumulativeGasUsed    304682
effectiveGasPrice    100000000
from                 0x8863Fe924604177411CCA7123BF8bE91E3dbeC15
gasUsed              72324
logs                 [{"address":"0xa32b8672a49932d900fc76387167c7a66d46d184","topics":["0xddf252ad1be2c89b69c2b068fc378daa952ba7f163c4a11628f55a4df523b3ef","0x0000000000000000000000000000000000000000000000000000000000000000","0x0000000000000000000000008863fe924604177411cca7123bf8be91e3dbec15"],"data":"0x00000000000000000000000000000000000000000000003635c9adc5dea00000","blockHash":"0xf95c94e64baf40ce593f0920eaccb28788a280d6a9b8e6d5adf8f750996cef84","blockNumber":"0xaf4ee56","transactionHash":"0x8194bebb53b68170143641b426ac79bb843bc5cc2ba962f49df0751690b38884","transactionIndex":"0x3","logIndex":"0x7","removed":false}]
logsBloom            0x000000000000000000000000000000000000000000000000000000000000000000000000000000000000000000000000000000000008000000000100000000000000000000000000000000080000000000000000000000000000000000000000000000000200000000000000000008000000000000000000000000100000000000000000000000000000000000000000000000000
blockHash            0xf95c94e64baf40ce593f0920eaccb28788a280d6a9b8e6d5adf8f750996cef84
blockNumber          183823958
contractAddress      
cumulativeGasUsed    304682
effectiveGasPrice    100000000
from                 0x8863Fe924604177411CCA7123BF8bE91E3dbeC15
gasUsed              72324
logs                 [{"address":"0xa32b8672a49932d900fc76387167c7a66d46d184","topics":["0xddf252ad1be2c89b69c2b068fc378daa952ba7f163c4a11628f55a4df523b3ef","0x0000000000000000000000000000000000000000000000000000000000000000","0x0000000000000000000000008863fe924604177411cca7123bf8be91e3dbec15"],"data"Tokens minted to deployer address.
Deploying the Uniswap V2 contract to Arbitrum Sepolia using cargo stylus...
ccb28788a280d6a9b8e6d5adf8f750996cef84","blockNumber":"0xaf4ee56","transactionHash":"0x8194bebb53b68170143641b426ac79bb843bc5cc2ba962f49df0751690b38884","transactionIndex":"0x3","logIndex":"0x7","removed":false}]
logsBloom            0x00000000000000000000000000000000000000000000000000000000000000000000000000000000000000000000000000000000000800000000010000000000000000000000000000000008000000000000000000000000000000000000000000000000020000000000000000000800000000000000000000000010000000000000000000000000000000000000000000000000000000000000000080000000000000000000000000000000000000000000000000000000000000000000000000000002000000000000000000000100000000000000000000000000000020000000000000000000000000000080000000000000002000000000000000000000
root                 
status               1 (success)
transactionHash      0x8194bebb53b68170143641b426ac79bb843bc5cc2ba962f49df0751690b38884
transactionIndex     3
type                 2
blobGasPrice         
blobGasUsed          
to                   0xA32b8672a49932d900fC76387167c7a66d46D184
gasUsedForL1         13
l1BlockNumber        8980572
timeboosted          false

Tokens minted to deployer address.
Deploying the Uniswap V2 contract to Arbitrum Sepolia using cargo stylus...
Deployment completed successfully!
